[2026-09-15 09:06:21.016] [app] [info] [AppBackend.cpp:484] AppBackend: Young's modulus LUT source=bundled-fallback, revision=bundled, path=C:\Users\gavinlou\AppData\Local\Temp\mib_hw_illuminated_live_13669511919116146603\resources\isoelastic_curve\scaled_isoelastic_data_LUT_6.16-4.24.txt, checksum_status=unknown, remote_updated=false, bundled_fallback=false, manifest=
[2026-09-15 09:06:21.016] [app] [info] [AppBackend.cpp:692] AppBackend: configuring MindVision camera (index=0, config=C:\Users\gavinlou\Developer\mib-studio-qt\build-ninja\mindvision-edge-1000-exp20.json)
[2026-09-15 09:06:21.016] [app] [info] [AppBackend.cpp:785] Backend initialized.
hardware test using MIB_TEST_ILLUMINATED_LIVE=1
hardware test using MIB_MINDVISION_CONFIG=C:\Users\gavinlou\Developer\mib-studio-qt\build-ninja\mindvision-edge-1000-exp20.json
profile C:\Users\gavinlou\Developer\mib-studio-qt\build-ninja\mindvision-edge-1000-exp20.json: port=auto channel=1 1000.0 Hz duty 2.00 % exposure 20.0 us strobe 20 us
=== run 1: start ===
[2026-09-15 09:06:21.018] [app] [info] [CaptureService.cpp:387] CaptureService starting: gen=1, parts=1, buffers=20, mode=everyFrame
[2026-09-15 09:06:21.023] [app] [info] [SerialBus.cpp:138] SerialBus: COM3 opened (9600 8N1)
[2026-09-15 09:06:21.282] [app] [error] [SerialBus.cpp:262] SerialBus: COM3 timeout (0 bytes buffered): 
[2026-09-15 09:06:21.315] [app] [info] [SerialBus.cpp:102] SerialBus: session on COM3 closed
[2026-09-15 09:06:21.317] [app] [info] [SerialBus.cpp:138] SerialBus: COM4 opened (9600 8N1)
[2026-09-15 09:06:21.423] [app] [info] [SerialBus.cpp:102] SerialBus: session on COM4 closed
[2026-09-15 09:06:21.424] [app] [warning] [PulseGeneratorService.cpp:499] PulseGeneratorService: COM4 answers like a pulse generator but channel 1 reads 0 Hz (never set); excluded from automatic discovery
[2026-09-15 09:06:21.425] [app] [info] [SerialBus.cpp:138] SerialBus: COM5 opened (9600 8N1)
[2026-09-15 09:06:21.688] [app] [error] [SerialBus.cpp:262] SerialBus: COM5 timeout (0 bytes buffered): 
[2026-09-15 09:06:21.720] [app] [info] [SerialBus.cpp:102] SerialBus: session on COM5 closed
[2026-09-15 09:06:21.722] [app] [info] [SerialBus.cpp:138] SerialBus: COM6 opened (9600 8N1)
[2026-09-15 09:06:21.828] [app] [info] [SerialBus.cpp:102] SerialBus: session on COM6 closed
[2026-09-15 09:06:21.830] [app] [info] [SerialBus.cpp:138] SerialBus: COM6 opened (9600 8N1)
[2026-09-15 09:06:21.906] [app] [info] [SerialBus.cpp:102] SerialBus: session on COM6 closed
[2026-09-15 09:06:21.909] [app] [info] [SerialBus.cpp:138] SerialBus: COM7 opened (9600 8N1)
[2026-09-15 09:06:22.171] [app] [error] [SerialBus.cpp:262] SerialBus: COM7 timeout (0 bytes buffered): 
[2026-09-15 09:06:22.175] [app] [info] [SerialBus.cpp:102] SerialBus: session on COM7 closed
[2026-09-15 09:06:22.176] [app] [info] [AppBackend.cpp:103] Illuminated Live View: pulse generator discovered on COM6 (addr 1)
[2026-09-15 09:06:22.177] [app] [info] [SerialBus.cpp:138] SerialBus: COM6 opened (9600 8N1)
[2026-09-15 09:06:22.250] [app] [info] [PulseGeneratorService.cpp:231] PulseGeneratorService: connected on COM6 addr=1 (ch1: 1000 Hz, 0 %)
[2026-09-15 09:06:22.313] [app] [info] [PulseGeneratorService.cpp:406] PulseGeneratorService: addr1 ch1 output disabled (duty 0 %)
[2026-09-15 09:06:22.392] [app] [info] [PulseGeneratorService.cpp:359] PulseGeneratorService: addr1 ch1 frequency set to 1000 Hz
[2026-09-15 09:06:22.393] [app] [info] [PulseGeneratorService.cpp:386] PulseGeneratorService: addr1 ch1 duty set to 2 % (deferred until enable)
[2026-09-15 09:06:23.497] [app] [info] [MindVisionApply.cpp:45] MindVision config: applying w=512 h=96 ox=0 oy=0 exp=20 trig=2 gain=1
[2026-09-15 09:06:23.756] [app] [info] [MindVisionSdkReal.cpp:184] MindVision rig armed: trigger mode 2 signal 0 strobe mode 1 polarity 1 width 20 us delay 0 us exposure 20.00 us
[2026-09-15 09:06:23.868] [app] [info] [MindVisionCamera.cpp:380] MindVisionCamera: started (index=0, 512x96 mono8 verified, monoSensor=true, deliveryMode=everyFrame, buffer=49152 bytes)
[run 1] state=running failure=none ""
[started] generator port=COM6 addr=1 connected=1 owned=1
[started]   ch1: 1000.00 Hz  duty 2.00 %  output ON
[started]   ch2: 0.00 Hz  duty 0.00 %  output off
[started]   ch3: 0.00 Hz  duty 0.00 %  output off
[started]   ch4: 0.00 Hz  duty 0.00 %  output off
[2026-09-15 09:06:23.871] [app] [info] [MindVisionCamera.cpp:793] MindVisionCamera: trigger output configured on OUT2 (index 1)
[2026-09-15 09:06:23.872] [app] [info] [TriggerService.cpp:104] TriggerService started
[2026-09-15 09:06:23.872] [app] [info] [TriggerService.cpp:33] TriggerService: trigger thread priority set to TIME_CRITICAL
[run 1] 4.05 s: 4043 frames (997.8 frames/s host count, backend rate 997), transport lost 0, discarded 0, latest frame mean grey 255.0/255, state=running failure=none ""
[2026-09-15 09:06:27.923] [app] [info] [TriggerService.cpp:130] TriggerService stopped
support SSE4.1
[2026-09-15 09:06:28.118] [app] [info] [MindVisionCamera.cpp:479] MindVisionCamera: stopped
[2026-09-15 09:06:28.119] [app] [info] [CaptureService.cpp:659] CaptureService stopped (gen=1, requested)
[run 1] after stop: state=idle failure=none ""
[stopped] generator port=COM6 addr=1 connected=1 owned=0
[stopped]   ch1: 1000.00 Hz  duty 2.00 %  output off
[stopped]   ch2: 0.00 Hz  duty 0.00 %  output off
[stopped]   ch3: 0.00 Hz  duty 0.00 %  output off
[stopped]   ch4: 0.00 Hz  duty 0.00 %  output off
[2026-09-15 09:06:28.143] [app] [info] [SerialBus.cpp:102] SerialBus: session on COM6 closed
[2026-09-15 09:06:28.144] [app] [info] [SerialBus.cpp:138] SerialBus: COM6 opened (9600 8N1)
[2026-09-15 09:06:28.219] [app] [info] [PulseGeneratorService.cpp:231] PulseGeneratorService: connected on COM6 addr=1 (ch1: 1000 Hz, 0 %)
[readback] generator port=COM6 addr=1 connected=1 owned=0
[readback]   ch1: 1000.00 Hz  duty 0.00 %  output off
[readback]   ch2: 0.00 Hz  duty 0.00 %  output off
[readback]   ch3: 0.00 Hz  duty 0.00 %  output off
[readback]   ch4: 0.00 Hz  duty 0.00 %  output off
[2026-09-15 09:06:28.252] [app] [info] [SerialBus.cpp:102] SerialBus: session on COM6 closed
[2026-09-15 09:06:28.252] [app] [info] [PulseGeneratorService.cpp:247] PulseGeneratorService: disconnected from COM6 addr=1
[2026-09-15 09:06:28.257] [app] [info] [ProcessingService.cpp:140] ProcessingService stopped
illuminated live hardware cycle OK
