[2026-09-15 08:58:30.921] [app] [info] [AppBackend.cpp:484] AppBackend: Young's modulus LUT source=bundled-fallback, revision=bundled, path=C:\Users\gavinlou\AppData\Local\Temp\mib_hw_illuminated_live_11255452065338330349\resources\isoelastic_curve\scaled_isoelastic_data_LUT_6.16-4.24.txt, checksum_status=unknown, remote_updated=false, bundled_fallback=false, manifest=
[2026-09-15 08:58:30.921] [app] [info] [AppBackend.cpp:692] AppBackend: configuring MindVision camera (index=0, config=C:\Users\gavinlou\Developer\mib-studio-qt\resources\defaults\mindvisionConfig.json)
[2026-09-15 08:58:30.921] [app] [info] [AppBackend.cpp:785] Backend initialized.
hardware test using MIB_TEST_ILLUMINATED_LIVE=1
hardware test using MIB_MINDVISION_CONFIG=C:\Users\gavinlou\Developer\mib-studio-qt\resources\defaults\mindvisionConfig.json
profile C:\Users\gavinlou\Developer\mib-studio-qt\resources\defaults\mindvisionConfig.json: port=auto channel=1 5000.0 Hz duty 10.00 % exposure 100.0 us strobe 100 us
=== run 1: start ===
[2026-09-15 08:58:30.923] [app] [info] [CaptureService.cpp:387] CaptureService starting: gen=1, parts=1, buffers=20, mode=everyFrame
[2026-09-15 08:58:30.927] [app] [info] [SerialBus.cpp:138] SerialBus: COM3 opened (9600 8N1)
[2026-09-15 08:58:31.180] [app] [error] [SerialBus.cpp:262] SerialBus: COM3 timeout (0 bytes buffered): 
[2026-09-15 08:58:31.212] [app] [info] [SerialBus.cpp:102] SerialBus: session on COM3 closed
[2026-09-15 08:58:31.213] [app] [info] [SerialBus.cpp:138] SerialBus: COM4 opened (9600 8N1)
[2026-09-15 08:58:31.320] [app] [info] [SerialBus.cpp:102] SerialBus: session on COM4 closed
[2026-09-15 08:58:31.321] [app] [warning] [PulseGeneratorService.cpp:499] PulseGeneratorService: COM4 answers like a pulse generator but channel 1 reads 0 Hz (never set); excluded from automatic discovery
[2026-09-15 08:58:31.322] [app] [info] [SerialBus.cpp:138] SerialBus: COM5 opened (9600 8N1)
[2026-09-15 08:58:31.587] [app] [error] [SerialBus.cpp:262] SerialBus: COM5 timeout (0 bytes buffered): 
[2026-09-15 08:58:31.619] [app] [info] [SerialBus.cpp:102] SerialBus: session on COM5 closed
[2026-09-15 08:58:31.622] [app] [info] [SerialBus.cpp:138] SerialBus: COM6 opened (9600 8N1)
[2026-09-15 08:58:31.728] [app] [info] [SerialBus.cpp:102] SerialBus: session on COM6 closed
[2026-09-15 08:58:31.731] [app] [info] [SerialBus.cpp:138] SerialBus: COM6 opened (9600 8N1)
[2026-09-15 08:58:31.806] [app] [info] [SerialBus.cpp:102] SerialBus: session on COM6 closed
[2026-09-15 08:58:31.810] [app] [info] [SerialBus.cpp:138] SerialBus: COM7 opened (9600 8N1)
[2026-09-15 08:58:32.069] [app] [error] [SerialBus.cpp:262] SerialBus: COM7 timeout (0 bytes buffered): 
[2026-09-15 08:58:32.070] [app] [info] [SerialBus.cpp:102] SerialBus: session on COM7 closed
[2026-09-15 08:58:32.070] [app] [info] [AppBackend.cpp:103] Illuminated Live View: pulse generator discovered on COM6 (addr 1)
[2026-09-15 08:58:32.071] [app] [info] [SerialBus.cpp:138] SerialBus: COM6 opened (9600 8N1)
[2026-09-15 08:58:32.146] [app] [info] [PulseGeneratorService.cpp:231] PulseGeneratorService: connected on COM6 addr=1 (ch1: 5000 Hz, 0 %)
[2026-09-15 08:58:32.209] [app] [info] [PulseGeneratorService.cpp:406] PulseGeneratorService: addr1 ch1 output disabled (duty 0 %)
[2026-09-15 08:58:32.287] [app] [info] [PulseGeneratorService.cpp:359] PulseGeneratorService: addr1 ch1 frequency set to 5000 Hz
[2026-09-15 08:58:32.287] [app] [info] [PulseGeneratorService.cpp:386] PulseGeneratorService: addr1 ch1 duty set to 10 % (deferred until enable)
[2026-09-15 08:58:33.406] [app] [info] [MindVisionApply.cpp:45] MindVision config: applying w=512 h=96 ox=0 oy=0 exp=100 trig=2 gain=1
[2026-09-15 08:58:33.680] [app] [info] [MindVisionSdkReal.cpp:184] MindVision rig armed: trigger mode 2 signal 2 strobe mode 1 polarity 1 width 100 us delay 0 us exposure 100.00 us
[2026-09-15 08:58:33.791] [app] [info] [MindVisionCamera.cpp:380] MindVisionCamera: started (index=0, 512x96 mono8 verified, monoSensor=true, deliveryMode=everyFrame, buffer=49152 bytes)
[run 1] state=running failure=none ""
[started] generator port=COM6 addr=1 connected=1 owned=1
[started]   ch1: 5000.00 Hz  duty 10.00 %  output ON
[started]   ch2: 0.00 Hz  duty 0.00 %  output off
[started]   ch3: 0.00 Hz  duty 0.00 %  output off
[started]   ch4: 0.00 Hz  duty 0.00 %  output off
[2026-09-15 08:58:33.792] [app] [info] [MindVisionCamera.cpp:793] MindVisionCamera: trigger output configured on OUT2 (index 1)
[2026-09-15 08:58:33.794] [app] [info] [TriggerService.cpp:104] TriggerService started
[2026-09-15 08:58:33.795] [app] [info] [TriggerService.cpp:33] TriggerService: trigger thread priority set to TIME_CRITICAL
[run 1] 5.04 s: 22644 frames (4490.8 frames/s host count, backend rate 4490), state=running failure=none ""
[2026-09-15 08:58:38.837] [app] [info] [TriggerService.cpp:130] TriggerService stopped
support SSE4.1
[2026-09-15 08:58:39.003] [app] [info] [MindVisionCamera.cpp:479] MindVisionCamera: stopped
[2026-09-15 08:58:39.004] [app] [info] [CaptureService.cpp:659] CaptureService stopped (gen=1, requested)
[run 1] after stop: state=idle failure=none ""
[stopped] generator port=COM6 addr=1 connected=1 owned=0
[stopped]   ch1: 5000.00 Hz  duty 10.00 %  output off
[stopped]   ch2: 0.00 Hz  duty 0.00 %  output off
[stopped]   ch3: 0.00 Hz  duty 0.00 %  output off
[stopped]   ch4: 0.00 Hz  duty 0.00 %  output off
[2026-09-15 08:58:39.039] [app] [info] [SerialBus.cpp:102] SerialBus: session on COM6 closed
[2026-09-15 08:58:39.043] [app] [info] [SerialBus.cpp:138] SerialBus: COM6 opened (9600 8N1)
[2026-09-15 08:58:39.117] [app] [info] [PulseGeneratorService.cpp:231] PulseGeneratorService: connected on COM6 addr=1 (ch1: 5000 Hz, 0 %)
[readback] generator port=COM6 addr=1 connected=1 owned=0
[readback]   ch1: 5000.00 Hz  duty 0.00 %  output off
[readback]   ch2: 0.00 Hz  duty 0.00 %  output off
[readback]   ch3: 0.00 Hz  duty 0.00 %  output off
[readback]   ch4: 0.00 Hz  duty 0.00 %  output off
[2026-09-15 08:58:39.151] [app] [info] [SerialBus.cpp:102] SerialBus: session on COM6 closed
[2026-09-15 08:58:39.152] [app] [info] [PulseGeneratorService.cpp:247] PulseGeneratorService: disconnected from COM6 addr=1
=== run 2: start ===
[2026-09-15 08:58:39.153] [app] [info] [CaptureService.cpp:387] CaptureService starting: gen=2, parts=1, buffers=20, mode=everyFrame
[2026-09-15 08:58:39.160] [app] [info] [SerialBus.cpp:138] SerialBus: COM3 opened (9600 8N1)
[2026-09-15 08:58:39.415] [app] [error] [SerialBus.cpp:262] SerialBus: COM3 timeout (0 bytes buffered): 
[2026-09-15 08:58:39.447] [app] [info] [SerialBus.cpp:102] SerialBus: session on COM3 closed
[2026-09-15 08:58:39.448] [app] [info] [SerialBus.cpp:138] SerialBus: COM4 opened (9600 8N1)
[2026-09-15 08:58:39.557] [app] [info] [SerialBus.cpp:102] SerialBus: session on COM4 closed
[2026-09-15 08:58:39.559] [app] [warning] [PulseGeneratorService.cpp:499] PulseGeneratorService: COM4 answers like a pulse generator but channel 1 reads 0 Hz (never set); excluded from automatic discovery
[2026-09-15 08:58:39.560] [app] [info] [SerialBus.cpp:138] SerialBus: COM5 opened (9600 8N1)
[2026-09-15 08:58:39.822] [app] [error] [SerialBus.cpp:262] SerialBus: COM5 timeout (0 bytes buffered): 
[2026-09-15 08:58:39.855] [app] [info] [SerialBus.cpp:102] SerialBus: session on COM5 closed
[2026-09-15 08:58:39.857] [app] [info] [SerialBus.cpp:138] SerialBus: COM6 opened (9600 8N1)
[2026-09-15 08:58:39.964] [app] [info] [SerialBus.cpp:102] SerialBus: session on COM6 closed
[2026-09-15 08:58:39.967] [app] [info] [SerialBus.cpp:138] SerialBus: COM6 opened (9600 8N1)
[2026-09-15 08:58:40.042] [app] [info] [SerialBus.cpp:102] SerialBus: session on COM6 closed
[2026-09-15 08:58:40.047] [app] [info] [SerialBus.cpp:138] SerialBus: COM7 opened (9600 8N1)
[2026-09-15 08:58:40.308] [app] [error] [SerialBus.cpp:262] SerialBus: COM7 timeout (0 bytes buffered): 
[2026-09-15 08:58:40.309] [app] [info] [SerialBus.cpp:102] SerialBus: session on COM7 closed
[2026-09-15 08:58:40.309] [app] [info] [AppBackend.cpp:103] Illuminated Live View: pulse generator discovered on COM6 (addr 1)
[2026-09-15 08:58:40.311] [app] [info] [SerialBus.cpp:138] SerialBus: COM6 opened (9600 8N1)
[2026-09-15 08:58:40.386] [app] [info] [PulseGeneratorService.cpp:231] PulseGeneratorService: connected on COM6 addr=1 (ch1: 5000 Hz, 0 %)
[2026-09-15 08:58:40.449] [app] [info] [PulseGeneratorService.cpp:406] PulseGeneratorService: addr1 ch1 output disabled (duty 0 %)
[2026-09-15 08:58:40.526] [app] [info] [PulseGeneratorService.cpp:359] PulseGeneratorService: addr1 ch1 frequency set to 5000 Hz
[2026-09-15 08:58:40.526] [app] [info] [PulseGeneratorService.cpp:386] PulseGeneratorService: addr1 ch1 duty set to 10 % (deferred until enable)
[2026-09-15 08:58:41.648] [app] [info] [MindVisionApply.cpp:45] MindVision config: applying w=512 h=96 ox=0 oy=0 exp=100 trig=2 gain=1
[2026-09-15 08:58:41.927] [app] [info] [MindVisionSdkReal.cpp:184] MindVision rig armed: trigger mode 2 signal 2 strobe mode 1 polarity 1 width 100 us delay 0 us exposure 100.00 us
[2026-09-15 08:58:42.036] [app] [info] [MindVisionCamera.cpp:380] MindVisionCamera: started (index=0, 512x96 mono8 verified, monoSensor=true, deliveryMode=everyFrame, buffer=49152 bytes)
[run 2] state=running failure=none ""
[started] generator port=COM6 addr=1 connected=1 owned=1
[started]   ch1: 5000.00 Hz  duty 10.00 %  output ON
[started]   ch2: 0.00 Hz  duty 0.00 %  output off
[started]   ch3: 0.00 Hz  duty 0.00 %  output off
[started]   ch4: 0.00 Hz  duty 0.00 %  output off
[2026-09-15 08:58:42.040] [app] [info] [MindVisionCamera.cpp:793] MindVisionCamera: trigger output configured on OUT2 (index 1)
[2026-09-15 08:58:42.041] [app] [info] [TriggerService.cpp:104] TriggerService started
[2026-09-15 08:58:42.042] [app] [info] [TriggerService.cpp:33] TriggerService: trigger thread priority set to TIME_CRITICAL
[run 2] 5.04 s: 22525 frames (4464.9 frames/s host count, backend rate 4461), state=running failure=none ""
[2026-09-15 08:58:47.085] [app] [info] [TriggerService.cpp:130] TriggerService stopped
support SSE4.1
[2026-09-15 08:58:47.279] [app] [info] [MindVisionCamera.cpp:479] MindVisionCamera: stopped
[2026-09-15 08:58:47.280] [app] [info] [CaptureService.cpp:659] CaptureService stopped (gen=2, requested)
[run 2] after stop: state=idle failure=none ""
[stopped] generator port=COM6 addr=1 connected=1 owned=0
[stopped]   ch1: 5000.00 Hz  duty 10.00 %  output off
[stopped]   ch2: 0.00 Hz  duty 0.00 %  output off
[stopped]   ch3: 0.00 Hz  duty 0.00 %  output off
[stopped]   ch4: 0.00 Hz  duty 0.00 %  output off
[2026-09-15 08:58:47.301] [app] [info] [SerialBus.cpp:102] SerialBus: session on COM6 closed
[2026-09-15 08:58:47.302] [app] [info] [SerialBus.cpp:138] SerialBus: COM6 opened (9600 8N1)
[2026-09-15 08:58:47.378] [app] [info] [PulseGeneratorService.cpp:231] PulseGeneratorService: connected on COM6 addr=1 (ch1: 5000 Hz, 0 %)
[readback] generator port=COM6 addr=1 connected=1 owned=0
[readback]   ch1: 5000.00 Hz  duty 0.00 %  output off
[readback]   ch2: 0.00 Hz  duty 0.00 %  output off
[readback]   ch3: 0.00 Hz  duty 0.00 %  output off
[readback]   ch4: 0.00 Hz  duty 0.00 %  output off
[2026-09-15 08:58:47.409] [app] [info] [SerialBus.cpp:102] SerialBus: session on COM6 closed
[2026-09-15 08:58:47.410] [app] [info] [PulseGeneratorService.cpp:247] PulseGeneratorService: disconnected from COM6 addr=1
=== run 3: start ===
[2026-09-15 08:58:47.410] [app] [info] [CaptureService.cpp:387] CaptureService starting: gen=3, parts=1, buffers=20, mode=everyFrame
[2026-09-15 08:58:47.414] [app] [info] [SerialBus.cpp:138] SerialBus: COM3 opened (9600 8N1)
[2026-09-15 08:58:47.674] [app] [error] [SerialBus.cpp:262] SerialBus: COM3 timeout (0 bytes buffered): 
[2026-09-15 08:58:47.707] [app] [info] [SerialBus.cpp:102] SerialBus: session on COM3 closed
[2026-09-15 08:58:47.710] [app] [info] [SerialBus.cpp:138] SerialBus: COM4 opened (9600 8N1)
[2026-09-15 08:58:47.815] [app] [info] [SerialBus.cpp:102] SerialBus: session on COM4 closed
[2026-09-15 08:58:47.816] [app] [warning] [PulseGeneratorService.cpp:499] PulseGeneratorService: COM4 answers like a pulse generator but channel 1 reads 0 Hz (never set); excluded from automatic discovery
[2026-09-15 08:58:47.817] [app] [info] [SerialBus.cpp:138] SerialBus: COM5 opened (9600 8N1)
[2026-09-15 08:58:48.078] [app] [error] [SerialBus.cpp:262] SerialBus: COM5 timeout (0 bytes buffered): 
[2026-09-15 08:58:48.110] [app] [info] [SerialBus.cpp:102] SerialBus: session on COM5 closed
[2026-09-15 08:58:48.113] [app] [info] [SerialBus.cpp:138] SerialBus: COM6 opened (9600 8N1)
[2026-09-15 08:58:48.218] [app] [info] [SerialBus.cpp:102] SerialBus: session on COM6 closed
[2026-09-15 08:58:48.220] [app] [info] [SerialBus.cpp:138] SerialBus: COM6 opened (9600 8N1)
[2026-09-15 08:58:48.298] [app] [info] [SerialBus.cpp:102] SerialBus: session on COM6 closed
[2026-09-15 08:58:48.301] [app] [info] [SerialBus.cpp:138] SerialBus: COM7 opened (9600 8N1)
[2026-09-15 08:58:48.568] [app] [error] [SerialBus.cpp:262] SerialBus: COM7 timeout (0 bytes buffered): 
[2026-09-15 08:58:48.570] [app] [info] [SerialBus.cpp:102] SerialBus: session on COM7 closed
[2026-09-15 08:58:48.570] [app] [info] [AppBackend.cpp:103] Illuminated Live View: pulse generator discovered on COM6 (addr 1)
[2026-09-15 08:58:48.572] [app] [info] [SerialBus.cpp:138] SerialBus: COM6 opened (9600 8N1)
[2026-09-15 08:58:48.646] [app] [info] [PulseGeneratorService.cpp:231] PulseGeneratorService: connected on COM6 addr=1 (ch1: 5000 Hz, 0 %)
[2026-09-15 08:58:48.710] [app] [info] [PulseGeneratorService.cpp:406] PulseGeneratorService: addr1 ch1 output disabled (duty 0 %)
[2026-09-15 08:58:48.788] [app] [info] [PulseGeneratorService.cpp:359] PulseGeneratorService: addr1 ch1 frequency set to 5000 Hz
[2026-09-15 08:58:48.789] [app] [info] [PulseGeneratorService.cpp:386] PulseGeneratorService: addr1 ch1 duty set to 10 % (deferred until enable)
[2026-09-15 08:58:49.912] [app] [info] [MindVisionApply.cpp:45] MindVision config: applying w=512 h=96 ox=0 oy=0 exp=100 trig=2 gain=1
[2026-09-15 08:58:50.185] [app] [info] [MindVisionSdkReal.cpp:184] MindVision rig armed: trigger mode 2 signal 2 strobe mode 1 polarity 1 width 100 us delay 0 us exposure 100.00 us
[2026-09-15 08:58:50.297] [app] [info] [MindVisionCamera.cpp:380] MindVisionCamera: started (index=0, 512x96 mono8 verified, monoSensor=true, deliveryMode=everyFrame, buffer=49152 bytes)
[run 3] state=running failure=none ""
[started] generator port=COM6 addr=1 connected=1 owned=1
[started]   ch1: 5000.00 Hz  duty 10.00 %  output ON
[started]   ch2: 0.00 Hz  duty 0.00 %  output off
[started]   ch3: 0.00 Hz  duty 0.00 %  output off
[started]   ch4: 0.00 Hz  duty 0.00 %  output off
[2026-09-15 08:58:50.299] [app] [info] [MindVisionCamera.cpp:793] MindVisionCamera: trigger output configured on OUT2 (index 1)
[2026-09-15 08:58:50.299] [app] [info] [TriggerService.cpp:104] TriggerService started
[2026-09-15 08:58:50.300] [app] [info] [TriggerService.cpp:33] TriggerService: trigger thread priority set to TIME_CRITICAL
[run 3] 5.04 s: 22981 frames (4563.6 frames/s host count, backend rate 4561), state=running failure=none ""
[2026-09-15 08:58:55.336] [app] [info] [TriggerService.cpp:130] TriggerService stopped
support SSE4.1
[2026-09-15 08:58:55.532] [app] [info] [MindVisionCamera.cpp:479] MindVisionCamera: stopped
[2026-09-15 08:58:55.532] [app] [info] [CaptureService.cpp:659] CaptureService stopped (gen=3, requested)
[run 3] after stop: state=idle failure=none ""
[stopped] generator port=COM6 addr=1 connected=1 owned=0
[stopped]   ch1: 5000.00 Hz  duty 10.00 %  output off
[stopped]   ch2: 0.00 Hz  duty 0.00 %  output off
[stopped]   ch3: 0.00 Hz  duty 0.00 %  output off
[stopped]   ch4: 0.00 Hz  duty 0.00 %  output off
[2026-09-15 08:58:55.555] [app] [info] [SerialBus.cpp:102] SerialBus: session on COM6 closed
[2026-09-15 08:58:55.556] [app] [info] [SerialBus.cpp:138] SerialBus: COM6 opened (9600 8N1)
[2026-09-15 08:58:55.630] [app] [info] [PulseGeneratorService.cpp:231] PulseGeneratorService: connected on COM6 addr=1 (ch1: 5000 Hz, 0 %)
[readback] generator port=COM6 addr=1 connected=1 owned=0
[readback]   ch1: 5000.00 Hz  duty 0.00 %  output off
[readback]   ch2: 0.00 Hz  duty 0.00 %  output off
[readback]   ch3: 0.00 Hz  duty 0.00 %  output off
[readback]   ch4: 0.00 Hz  duty 0.00 %  output off
[2026-09-15 08:58:55.662] [app] [info] [SerialBus.cpp:102] SerialBus: session on COM6 closed
[2026-09-15 08:58:55.662] [app] [info] [PulseGeneratorService.cpp:247] PulseGeneratorService: disconnected from COM6 addr=1
[2026-09-15 08:58:55.669] [app] [info] [ProcessingService.cpp:140] ProcessingService stopped
illuminated live hardware cycle OK
